[0.009s] Invoking command in '/home/nextup/ros2_ws2/src/build/my_robot_interfaces': /usr/bin/cmake /home/nextup/ros2_ws2/src/my_robot_interfaces -DCMAKE_INSTALL_PREFIX=/home/nextup/ros2_ws2/src/install/my_robot_interfaces
[0.017s] -- Found ament_cmake: 1.3.9 (/opt/ros/humble/share/ament_cmake/cmake)
[0.102s] -- Found rclcpp: 16.0.9 (/opt/ros/humble/share/rclcpp/cmake)
[0.119s] -- Found rosidl_generator_c: 3.1.5 (/opt/ros/humble/share/rosidl_generator_c/cmake)
[0.120s] -- Found rosidl_adapter: 3.1.5 (/opt/ros/humble/share/rosidl_adapter/cmake)
[0.124s] -- Found rosidl_generator_cpp: 3.1.5 (/opt/ros/humble/share/rosidl_generator_cpp/cmake)
[0.132s] -- Using all available rosidl_typesupport_c: rosidl_typesupport_fastrtps_c;rosidl_typesupport_introspection_c
[0.142s] -- Using all available rosidl_typesupport_cpp: rosidl_typesupport_fastrtps_cpp;rosidl_typesupport_introspection_cpp
[0.176s] -- Found rmw_implementation_cmake: 6.1.2 (/opt/ros/humble/share/rmw_implementation_cmake/cmake)
[0.177s] -- Found rmw_fastrtps_cpp: 6.2.6 (/opt/ros/humble/share/rmw_fastrtps_cpp/cmake)
[0.248s] -- Using RMW implementation 'rmw_fastrtps_cpp' as default
[0.339s] -- Found rosidl_default_generators: 1.2.0 (/opt/ros/humble/share/rosidl_default_generators/cmake)
[0.494s] Error parsing '/home/nextup/ros2_ws2/src/my_robot_interfaces/package.xml':
[0.544s] Traceback (most recent call last):
[0.545s]   File "/usr/lib/python3/dist-packages/catkin_pkg/package.py", line 610, in parse_package_string
[0.545s]     root = dom.parseString(data)
[0.545s]   File "/usr/lib/python3.10/xml/dom/minidom.py", line 2000, in parseString
[0.545s]     return expatbuilder.parseString(string)
[0.545s]   File "/usr/lib/python3.10/xml/dom/expatbuilder.py", line 925, in parseString
[0.545s]     return builder.parseString(string)
[0.545s]   File "/usr/lib/python3.10/xml/dom/expatbuilder.py", line 223, in parseString
[0.545s]     parser.Parse(string, True)
[0.546s] xml.parsers.expat.ExpatError: not well-formed (invalid token): line 2, column 102
[0.546s] 
[0.546s] During handling of the above exception, another exception occurred:
[0.546s] 
[0.546s] Traceback (most recent call last):
[0.546s]   File "/opt/ros/humble/share/ament_cmake_core/cmake/core/package_xml_2_cmake.py", line 150, in <module>
[0.546s]     main()
[0.546s]   File "/opt/ros/humble/share/ament_cmake_core/cmake/core/package_xml_2_cmake.py", line 53, in main
[0.546s]     raise e
[0.547s]   File "/opt/ros/humble/share/ament_cmake_core/cmake/core/package_xml_2_cmake.py", line 49, in main
[0.547s]     package = parse_package_string(
[0.547s]   File "/usr/lib/python3/dist-packages/catkin_pkg/package.py", line 612, in parse_package_string
[0.547s]     raise InvalidPackage('The manifest contains invalid XML:\n%s' % ex, filename)
[0.547s] catkin_pkg.package.InvalidPackage: Error(s) in package '/home/nextup/ros2_ws2/src/my_robot_interfaces/package.xml':
[0.547s] The manifest contains invalid XML:
[0.547s] not well-formed (invalid token): line 2, column 102
[0.564s] [31mCMake Error at /opt/ros/humble/share/ament_cmake_core/cmake/core/ament_package_xml.cmake:95 (message):
[0.564s]   execute_process(/usr/bin/python3
[0.564s]   /opt/ros/humble/share/ament_cmake_core/cmake/core/package_xml_2_cmake.py
[0.564s]   /home/nextup/ros2_ws2/src/my_robot_interfaces/package.xml
[0.564s]   /home/nextup/ros2_ws2/src/build/my_robot_interfaces/ament_cmake_core/package.cmake)
[0.564s]   returned error code 1
[0.564s] Call Stack (most recent call first):
[0.565s]   /opt/ros/humble/share/ament_cmake_core/cmake/core/ament_package_xml.cmake:49 (_ament_package_xml)
[0.565s]   /opt/ros/humble/share/rosidl_cmake/cmake/rosidl_generate_interfaces.cmake:226 (ament_package_xml)
[0.565s]   CMakeLists.txt:14 (rosidl_generate_interfaces)
[0.565s] 
[0.565s] [0m
[0.565s] -- Configuring incomplete, errors occurred!
[0.565s] See also "/home/nextup/ros2_ws2/src/build/my_robot_interfaces/CMakeFiles/CMakeOutput.log".
[0.571s] Invoked command in '/home/nextup/ros2_ws2/src/build/my_robot_interfaces' returned '1': /usr/bin/cmake /home/nextup/ros2_ws2/src/my_robot_interfaces -DCMAKE_INSTALL_PREFIX=/home/nextup/ros2_ws2/src/install/my_robot_interfaces
